[modinatheme.com/html/konstruc-html/index.html]
[backblue.gif]
[fade.gif]
[index.html]
[modinatheme.com/html/konstruc-html/assets/img/favicon.svg]
[modinatheme.com/html/konstruc-html/assets/css/bootstrap.min.css]
[modinatheme.com/html/konstruc-html/assets/css/font-awesome.css]
[modinatheme.com/html/konstruc-html/assets/css/animate.css]
[modinatheme.com/html/konstruc-html/assets/css/magnific-popup.css]
[modinatheme.com/html/konstruc-html/assets/css/meanmenu.css]
[modinatheme.com/html/konstruc-html/assets/css/odometer.css]
[modinatheme.com/html/konstruc-html/assets/css/swiper-bundle.min.css]
[modinatheme.com/html/konstruc-html/assets/css/datepickerboot.css]
[modinatheme.com/html/konstruc-html/assets/css/nice-select.css]
[modinatheme.com/html/konstruc-html/assets/css/main.css]
[modinatheme.com/html/konstruc-html/style.css]
[modinatheme.com/html/konstruc-html/index-2.html]
[modinatheme.com/html/konstruc-html/assets/img/logo/black-logo.svg]
[modinatheme.com/html/konstruc-html/assets/img/header/01.jpg]
[modinatheme.com/html/konstruc-html/assets/img/header/02.jpg]
[modinatheme.com/html/konstruc-html/assets/img/header/03.jpg]
[modinatheme.com/html/konstruc-html/assets/img/header/04.jpg]
[modinatheme.com/html/konstruc-html/assets/img/header/05.jpg]
[modinatheme.com/html/konstruc-html/assets/img/header/06.jpg]
[modinatheme.com/html/konstruc-html/contact.html]
[modinatheme.com/html/konstruc-html/assets/img/header/home-1.jpg]
[modinatheme.com/html/konstruc-html/index-3.html]
[modinatheme.com/html/konstruc-html/assets/img/header/home-2.jpg]
[modinatheme.com/html/konstruc-html/index-4.html]
[modinatheme.com/html/konstruc-html/assets/img/header/home-3.jpg]
[modinatheme.com/html/konstruc-html/index-5.html]
[modinatheme.com/html/konstruc-html/assets/img/header/home-4.jpg]
[modinatheme.com/html/konstruc-html/index-6.html]
[modinatheme.com/html/konstruc-html/assets/img/header/home-5.jpg]
[modinatheme.com/html/konstruc-html/service-details.html]
[modinatheme.com/html/konstruc-html/service.html]
[modinatheme.com/html/konstruc-html/news-details.html]
[modinatheme.com/html/konstruc-html/about.html]
[modinatheme.com/html/konstruc-html/project-details.html]
[modinatheme.com/html/konstruc-html/project.html]
[modinatheme.com/html/konstruc-html/team-details.html]
[modinatheme.com/html/konstruc-html/team.html]
[modinatheme.com/html/konstruc-html/shop-details.html]
[modinatheme.com/html/konstruc-html/shop.html]
[modinatheme.com/html/konstruc-html/shop-cart.html]
[modinatheme.com/html/konstruc-html/checkout.html]
[modinatheme.com/html/konstruc-html/pricing.html]
[modinatheme.com/html/konstruc-html/faq.html]
[modinatheme.com/html/konstruc-html/404.html]
[modinatheme.com/html/konstruc-html/news.html]
[modinatheme.com/html/konstruc-html/assets/img/logo/bar.svg]
[modinatheme.com/html/konstruc-html/assets/img/hero/hero-bg-1.jpg]
[modinatheme.com/html/konstruc-html/assets/img/hero/hero-arrow-shape.png]
[modinatheme.com/html/konstruc-html/assets/img/hero/hero-1.png]
[modinatheme.com/html/konstruc-html/assets/img/hero/line-shape-2.png]
[modinatheme.com/html/konstruc-html/assets/img/hero/top-line.png]
[modinatheme.com/html/konstruc-html/assets/img/about/about-01.jpg]
[modinatheme.com/html/konstruc-html/assets/img/about/about-client.png]
[modinatheme.com/html/konstruc-html/assets/img/about/medal.png]
[modinatheme.com/html/konstruc-html/assets/img/service/left-shape.png]
[modinatheme.com/html/konstruc-html/assets/img/service/circle-shape.png]
[modinatheme.com/html/konstruc-html/assets/img/service/dot-shape.png]
[modinatheme.com/html/konstruc-html/assets/img/service/line-shape.png]
[modinatheme.com/html/konstruc-html/assets/img/service/service-1.jpg]
[modinatheme.com/html/konstruc-html/assets/img/service/service-12.jpg]
[modinatheme.com/html/konstruc-html/assets/img/service/service-13.jpg]
[modinatheme.com/html/konstruc-html/assets/img/choose-us/bg.jpg]
[modinatheme.com/html/konstruc-html/assets/img/choose-us/line-shape.png]
[modinatheme.com/html/konstruc-html/assets/img/choose-us/circle.png]
[modinatheme.com/html/konstruc-html/project-details.html.html]
[modinatheme.com/html/konstruc-html/assets/img/choose-us/choose-us-1.jpg]
[modinatheme.com/html/konstruc-html/assets/img/project/project-01.jpg]
[modinatheme.com/html/konstruc-html/assets/img/project/project-02.jpg]
[modinatheme.com/html/konstruc-html/assets/img/project/project-03.jpg]
[modinatheme.com/html/konstruc-html/assets/img/service/right-shape.png]
[modinatheme.com/html/konstruc-html/assets/img/icon/icon-1.svg]
[modinatheme.com/html/konstruc-html/assets/img/icon/icon-2.svg]
[modinatheme.com/html/konstruc-html/assets/img/icon/icon-3.svg]
[modinatheme.com/html/konstruc-html/assets/img/brand/brand-1.png]
[modinatheme.com/html/konstruc-html/assets/img/brand/brand-2.png]
[modinatheme.com/html/konstruc-html/assets/img/brand/brand-3.png]
[modinatheme.com/html/konstruc-html/assets/img/brand/brand-4.png]
[modinatheme.com/html/konstruc-html/assets/img/brand/brand-5.png]
[modinatheme.com/html/konstruc-html/assets/img/brand/brand-6.png]
[modinatheme.com/html/konstruc-html/assets/img/testimonial/testi-bg.jpg]
[modinatheme.com/html/konstruc-html/assets/img/testimonial/line-shape.png]
[modinatheme.com/html/konstruc-html/assets/img/testimonial/circle-shape.png]
[modinatheme.com/html/konstruc-html/assets/img/testimonial/dot-shape.png]
[modinatheme.com/html/konstruc-html/assets/img/testimonial/client-1.png]
[modinatheme.com/html/konstruc-html/assets/img/testimonial/client-2.png]
[modinatheme.com/html/konstruc-html/assets/img/team/team-1.jpg]
[modinatheme.com/html/konstruc-html/assets/img/team/team-2.jpg]
[modinatheme.com/html/konstruc-html/assets/img/team/team-3.jpg]
[modinatheme.com/html/konstruc-html/assets/img/video-bg.jpg]
[modinatheme.com/html/konstruc-html/assets/img/circle.png]
[modinatheme.com/html/konstruc-html/assets/img/watch-text.png]
[modinatheme.com/html/konstruc-html/assets/img/contact/contact-bg.jpg]
[modinatheme.com/html/konstruc-html/assets/img/news/news-image-1.jpg]
[modinatheme.com/html/konstruc-html/assets/img/icon/user.svg]
[modinatheme.com/html/konstruc-html/assets/img/icon/messege.svg]
[modinatheme.com/html/konstruc-html/assets/img/news/news-image-2.jpg]
[modinatheme.com/html/konstruc-html/assets/img/news/news-image-3.jpg]
[modinatheme.com/html/konstruc-html/assets/img/cta/cta-shape.png]
[modinatheme.com/html/konstruc-html/assets/img/cta/cta-shape-2.png]
[modinatheme.com/html/konstruc-html/assets/img/cta/cta-1.png]
[modinatheme.com/html/konstruc-html/assets/img/footer/footer-shape.png]
[modinatheme.com/html/konstruc-html/assets/img/footer/fototer-post-1.jpg]
[modinatheme.com/html/konstruc-html/assets/img/footer/fototer-post-2.jpg]
[modinatheme.com/cdn-cgi/scripts/5c5dd728/cloudflare-static/email-decode.min.js]
[modinatheme.com/html/konstruc-html/assets/js/jquery-3.7.1.min.js]
[modinatheme.com/html/konstruc-html/assets/js/jquery.nice-select.min.js]
[modinatheme.com/html/konstruc-html/assets/js/odometer.min.js]
[modinatheme.com/html/konstruc-html/assets/js/jquery.appear.min.js]
[modinatheme.com/html/konstruc-html/assets/js/bootstrap.bundle.min.js]
[modinatheme.com/html/konstruc-html/assets/js/bootstrap-datepicker.js]
[modinatheme.com/html/konstruc-html/assets/js/swiper-bundle.min.js]
[modinatheme.com/html/konstruc-html/assets/js/jquery.meanmenu.min.js]
[modinatheme.com/html/konstruc-html/assets/js/jquery.magnific-popup.min.js]
[modinatheme.com/html/konstruc-html/assets/js/wow.min.js]
[modinatheme.com/html/konstruc-html/index.html]
[modinatheme.com/html/konstruc-html/assets/img/favicon.svg]
[modinatheme.com/html/konstruc-html/assets/css/bootstrap.min.css]
[modinatheme.com/html/konstruc-html/assets/js/main.js]
[modinatheme.com/html/konstruc-html/assets/fonts/fa-brands-400d41d.eot]
[modinatheme.com/html/konstruc-html/assets/fonts/fa-brands-400.woff2]
[modinatheme.com/html/konstruc-html/assets/fonts/fa-brands-400.woff]
[modinatheme.com/html/konstruc-html/assets/fonts/fa-light-300.eot]
[modinatheme.com/html/konstruc-html/assets/fonts/fa-light-300.woff2]
[modinatheme.com/html/konstruc-html/assets/fonts/fa-light-300d41d.eot]
[modinatheme.com/html/konstruc-html/assets/fonts/fa-light-300.woff]
[modinatheme.com/html/konstruc-html/assets/fonts/fa-regular-400.eot]
[modinatheme.com/html/konstruc-html/assets/fonts/fa-regular-400d41d.eot]
[modinatheme.com/html/konstruc-html/assets/fonts/fa-regular-400.woff2]
[modinatheme.com/html/konstruc-html/assets/fonts/fa-regular-400.woff]
[modinatheme.com/html/konstruc-html/assets/fonts/fa-solid-900.eot]
[modinatheme.com/html/konstruc-html/assets/fonts/fa-solid-900d41d.eot]
[modinatheme.com/html/konstruc-html/assets/fonts/fa-solid-900.woff2]
[modinatheme.com/html/konstruc-html/assets/fonts/fa-solid-900.woff]
[modinatheme.com/html/konstruc-html/assets/fonts/flaticon6094.woff2]
[modinatheme.com/html/konstruc-html/assets/fonts/flaticon6094.woff]
[modinatheme.com/html/konstruc-html/assets/css/font-awesome.css]
[modinatheme.com/html/konstruc-html/assets/css/animate.css]
[modinatheme.com/html/konstruc-html/assets/css/magnific-popup.css]
[modinatheme.com/html/konstruc-html/assets/css/meanmenu.css]
[modinatheme.com/html/konstruc-html/assets/css/odometer.css]
[modinatheme.com/html/konstruc-html/assets/css/swiper-bundle.min.css]
[modinatheme.com/html/konstruc-html/assets/css/datepickerboot.css]
[modinatheme.com/html/konstruc-html/assets/css/nice-select.css]
[modinatheme.com/html/konstruc-html/assets/fonts/flaticon6094.eot]
[modinatheme.com/html/konstruc-html/assets/img/hover-bg.jpg]
[modinatheme.com/html/konstruc-html/assets/img/quotepost.png]
[modinatheme.com/html/konstruc-html/assets/css/main.css]
[modinatheme.com/html/konstruc-html/style.css]
[modinatheme.com/html/konstruc-html/index-2.html]
[modinatheme.com/html/konstruc-html/assets/img/logo/black-logo.svg]
[modinatheme.com/html/konstruc-html/contact-details.html]
[modinatheme.com/html/konstruc-html/assets/img/talk.png]
[modinatheme.com/html/konstruc-html/assets/img/logo/white-logo.svg]
[modinatheme.com/html/konstruc-html/assets/img/flag.png]
[modinatheme.com/html/konstruc-html/assets/img/breadcrumb.jpg]
[modinatheme.com/html/konstruc-html/assets/img/footer/footer-bg-4.jpg]
[modinatheme.com/html/konstruc-html/contact.html]
[modinatheme.com/html/konstruc-html/assets/js/ajax-mail.js]
[modinatheme.com/html/konstruc-html/assets/img/hero/hero-bg-slider.jpg]
[modinatheme.com/html/konstruc-html/assets/img/hero/bar-shape.png]
[modinatheme.com/html/konstruc-html/assets/img/hero/hero-bg-slider-2.jpg]
[modinatheme.com/html/konstruc-html/assets/img/hero/hero-bg-slider-4.jpg]
[modinatheme.com/html/konstruc-html/assets/img/service/right-shape-2.png]
[modinatheme.com/html/konstruc-html/assets/img/about/dot-shape.png]
[modinatheme.com/html/konstruc-html/assets/img/about/about-02.jpg]
[modinatheme.com/html/konstruc-html/assets/img/about/about-03.jpg]
[modinatheme.com/html/konstruc-html/assets/img/service/service-4.jpg]
[modinatheme.com/html/konstruc-html/assets/img/service/service-5.jpg]
[modinatheme.com/html/konstruc-html/assets/img/service/service-6.jpg]
[modinatheme.com/html/konstruc-html/assets/img/service/service-7.jpg]
[modinatheme.com/html/konstruc-html/assets/img/feature/right-shape.png]
[modinatheme.com/html/konstruc-html/assets/img/choose-us/avatar.png]
[modinatheme.com/html/konstruc-html/assets/img/choose-us/choose-us-2.jpg]
[modinatheme.com/html/konstruc-html/assets/img/choose-us/Icon.png]
[modinatheme.com/html/konstruc-html/assets/img/choose-us/circle-shape.png]
[modinatheme.com/html/konstruc-html/assets/img/choose-us/dot-shape.png]
[modinatheme.com/html/konstruc-html/assets/img/feature/right-shape-2.png]
[modinatheme.com/html/konstruc-html/assets/img/choose-us/choose-us-3.jpg]
[modinatheme.com/html/konstruc-html/assets/img/line-shape/line-shape.png]
[modinatheme.com/html/konstruc-html/assets/img/project/bottom-shape.png]
[modinatheme.com/html/konstruc-html/assets/img/project/project-04.jpg]
[modinatheme.com/html/konstruc-html/assets/img/project/project-05.jpg]
[modinatheme.com/html/konstruc-html/assets/img/project/project-06.jpg]
[modinatheme.com/html/konstruc-html/assets/img/choose-us/work-process-bg.jpg]
[modinatheme.com/html/konstruc-html/assets/img/choose-us/arrow-shape.png]
[modinatheme.com/html/konstruc-html/assets/img/testimonial/left-shape.png]
[modinatheme.com/html/konstruc-html/assets/img/testimonial/quate-2.png]
[modinatheme.com/html/konstruc-html/assets/img/testimonial/quate.png]
[modinatheme.com/html/konstruc-html/assets/img/faq/right-shape.png]
[modinatheme.com/html/konstruc-html/assets/img/faq/dot-shape.png]
[modinatheme.com/html/konstruc-html/assets/img/faq/faq-image.jpg]
[modinatheme.com/html/konstruc-html/assets/img/cta/cta-bg-2.jpg]
[modinatheme.com/html/konstruc-html/assets/img/cta/cta-2.png]
[modinatheme.com/html/konstruc-html/assets/img/news/news-image-4.jpg]
[modinatheme.com/html/konstruc-html/assets/img/news/news-image-5.jpg]
[modinatheme.com/html/konstruc-html/assets/img/news/news-image-6.jpg]
[modinatheme.com/html/konstruc-html/assets/img/news/news-image-7.jpg]
[modinatheme.com/html/konstruc-html/assets/img/footer/footer-bg-2.jpg]
[modinatheme.com/html/konstruc-html/index-3.html]
[modinatheme.com/html/konstruc-html/assets/img/hero/hero-2.jpg]
[modinatheme.com/html/konstruc-html/assets/img/choose-us/author.jpg]
[modinatheme.com/html/konstruc-html/assets/img/choose-us/feature-bg.jpg]
[modinatheme.com/html/konstruc-html/assets/img/about/right-shape.png]
[modinatheme.com/html/konstruc-html/assets/img/about/about-04.jpg]
[modinatheme.com/html/konstruc-html/assets/img/about/about-05.jpg]
[modinatheme.com/html/konstruc-html/assets/img/service/top-shape.png]
[modinatheme.com/html/konstruc-html/assets/img/service/service-8.jpg]
[modinatheme.com/html/konstruc-html/assets/img/service/service-9.jpg]
[modinatheme.com/html/konstruc-html/assets/img/service/service-10.jpg]
[modinatheme.com/html/konstruc-html/assets/img/service/service-11.jpg]
[modinatheme.com/html/konstruc-html/assets/img/cta/cta-bg.jpg]
[modinatheme.com/html/konstruc-html/assets/img/choose-us/shape-1.png]
[modinatheme.com/html/konstruc-html/assets/img/choose-us/shape-2.png]
[modinatheme.com/html/konstruc-html/assets/img/choose-us/choose-us-4.jpg]
[modinatheme.com/html/konstruc-html/assets/img/shop/shop-1.png]
[modinatheme.com/html/konstruc-html/assets/img/shop/shop-2.png]
[modinatheme.com/html/konstruc-html/assets/img/shop/shop-3.png]
[modinatheme.com/html/konstruc-html/assets/img/pricing-bg.jpg]
[modinatheme.com/html/konstruc-html/assets/img/project/project-4.jpg]
[modinatheme.com/html/konstruc-html/assets/img/project/project-5.jpg]
[modinatheme.com/html/konstruc-html/assets/img/project/project-6.jpg]
[modinatheme.com/html/konstruc-html/assets/img/project/project-7.jpg]
[modinatheme.com/html/konstruc-html/assets/img/testimonial/bottom-shape.png]
[modinatheme.com/html/konstruc-html/assets/img/testimonial/client-3.png]
[modinatheme.com/html/konstruc-html/assets/img/cta/cta-bg-3.jpg]
[modinatheme.com/html/konstruc-html/assets/img/cta/cta-1.jpg]
[modinatheme.com/html/konstruc-html/assets/img/news/shape-1.png]
[modinatheme.com/html/konstruc-html/assets/img/news/shape-2.png]
[modinatheme.com/html/konstruc-html/assets/img/news/news-image-8.jpg]
[modinatheme.com/html/konstruc-html/assets/img/news/news-image-9.jpg]
[modinatheme.com/html/konstruc-html/assets/img/news/news-image-10.jpg]
[modinatheme.com/html/konstruc-html/assets/img/contact/contact-shape.jpg]
[modinatheme.com/html/konstruc-html/assets/img/contact/man.png]
[modinatheme.com/html/konstruc-html/index-4.html]
[modinatheme.com/html/konstruc-html/assets/img/footer/footer-bg-3.jpg]
[modinatheme.com/html/konstruc-html/assets/img/talk-2.png]
[modinatheme.com/html/konstruc-html/assets/img/logo/black-logo-2.svg]
[modinatheme.com/html/konstruc-html/assets/img/logo/left-arrow-shape.png]
[modinatheme.com/html/konstruc-html/assets/img/logo/right-arrow-shape.png]
[modinatheme.com/html/konstruc-html/assets/img/hero/left-shape.png]
[modinatheme.com/html/konstruc-html/assets/img/hero/right-shape.png]
[modinatheme.com/html/konstruc-html/assets/img/hero/hero-bg-slider-3.jpg]
[modinatheme.com/html/konstruc-html/assets/img/hero/client.png]
[modinatheme.com/html/konstruc-html/assets/img/hero/text.png]
[modinatheme.com/html/konstruc-html/assets/img/hero/hero-bg-slider-5.jpg]
[modinatheme.com/html/konstruc-html/assets/img/hero/hero-bg-slider-6.jpg]
[modinatheme.com/html/konstruc-html/assets/img/about/right-shape-2.png]
[modinatheme.com/html/konstruc-html/assets/img/about/about-6.jpg]
[modinatheme.com/html/konstruc-html/assets/img/about/dot-shape-2.png]
[modinatheme.com/html/konstruc-html/assets/img/feature/shape-1.png]
[modinatheme.com/html/konstruc-html/assets/img/service/service-bg.jpg]
[modinatheme.com/html/konstruc-html/assets/img/service/service-bg-2.jpg]
[modinatheme.com/html/konstruc-html/assets/img/project/project-8.jpg]
[modinatheme.com/html/konstruc-html/assets/img/project/project-9.jpg]
[modinatheme.com/html/konstruc-html/assets/img/project/project-10.jpg]
[modinatheme.com/html/konstruc-html/assets/img/project/project-11.jpg]
[modinatheme.com/html/konstruc-html/assets/img/project/project-12.jpg]
[modinatheme.com/html/konstruc-html/assets/img/project/project-13.jpg]
[modinatheme.com/html/konstruc-html/assets/img/video-bg-2.jpg]
[modinatheme.com/html/konstruc-html/assets/img/testimonial/bg.jpg]
[modinatheme.com/html/konstruc-html/assets/img/testimonial/quate-3.png]
[modinatheme.com/html/konstruc-html/assets/img/testimonial/client-4.png]
[modinatheme.com/html/konstruc-html/assets/img/feature/left-shape-2.png]
[modinatheme.com/html/konstruc-html/assets/img/feature/blue-shape.png]
[modinatheme.com/html/konstruc-html/assets/img/feature/blue-shape-2.png]
[modinatheme.com/html/konstruc-html/assets/img/feature/work-1.png]
[modinatheme.com/html/konstruc-html/assets/img/feature/work-2.png]
[modinatheme.com/html/konstruc-html/assets/img/feature/work-3.png]
[modinatheme.com/html/konstruc-html/assets/img/feature/work-4.png]
[modinatheme.com/html/konstruc-html/assets/img/cta/cta-bg-3.png]
[modinatheme.com/html/konstruc-html/assets/img/cta/cta-2.jpg]
[modinatheme.com/html/konstruc-html/assets/img/cta/global.png]
[modinatheme.com/html/konstruc-html/assets/img/news/news-image-11.jpg]
[modinatheme.com/html/konstruc-html/assets/img/news/news-image-12.jpg]
[modinatheme.com/html/konstruc-html/assets/img/news/news-image-13.jpg]
[modinatheme.com/html/konstruc-html/index-5.html]
[modinatheme.com/html/konstruc-html/assets/img/logo/white-logo-2.svg]
[modinatheme.com/html/konstruc-html/assets/img/logo/white-logo-3.svg]
[modinatheme.com/html/konstruc-html/assets/img/hero/bg-5.jpg]
[modinatheme.com/html/konstruc-html/assets/img/hero/hero-5.png]
[modinatheme.com/html/konstruc-html/assets/img/about/right-shape-3.png]
[modinatheme.com/html/konstruc-html/assets/img/about/about-7.jpg]
[modinatheme.com/html/konstruc-html/assets/img/about/Avatar.png]
[modinatheme.com/html/konstruc-html/assets/img/service/service-14.jpg]
[modinatheme.com/html/konstruc-html/assets/img/service/service-15.jpg]
[modinatheme.com/html/konstruc-html/assets/img/service/service-16.jpg]
[modinatheme.com/html/konstruc-html/assets/img/service/service-bg-3.jpg]
[modinatheme.com/html/konstruc-html/assets/img/service/icon-image.png]
[modinatheme.com/html/konstruc-html/assets/img/project/left-shape.png]
[modinatheme.com/html/konstruc-html/assets/img/project/right-shape.png]
[modinatheme.com/html/konstruc-html/assets/img/project/project-14.jpg]
[modinatheme.com/html/konstruc-html/assets/img/project/project-15.jpg]
[modinatheme.com/html/konstruc-html/assets/img/project/project-16.jpg]
[modinatheme.com/html/konstruc-html/assets/img/project/project-17.jpg]
[modinatheme.com/html/konstruc-html/assets/img/project/project-18.jpg]
[modinatheme.com/html/konstruc-html/assets/img/project/project-19.jpg]
[modinatheme.com/html/konstruc-html/assets/img/testimonial/right-shape.png]
[modinatheme.com/html/konstruc-html/assets/img/testimonial/client-5.png]
[modinatheme.com/html/konstruc-html/assets/img/testimonial/client-6.png]
[modinatheme.com/html/konstruc-html/assets/img/testimonial/client-7.png]
[modinatheme.com/html/konstruc-html/assets/img/testimonial/rating.png]
[modinatheme.com/html/konstruc-html/assets/img/team/team-bg.jpg]
[modinatheme.com/html/konstruc-html/assets/img/team/team-4.jpg]
[modinatheme.com/html/konstruc-html/assets/img/team/team-5.jpg]
[modinatheme.com/html/konstruc-html/assets/img/team/team-6.jpg]
[modinatheme.com/html/konstruc-html/assets/img/news/news-image-14.jpg]
[modinatheme.com/html/konstruc-html/assets/img/news/news-15.jpg]
[modinatheme.com/html/konstruc-html/assets/img/news/news-16.jpg]
[modinatheme.com/html/konstruc-html/assets/img/cta/cta-shape-3.png]
[modinatheme.com/html/konstruc-html/assets/img/cta/cta-3.png]
[modinatheme.com/html/konstruc-html/index-6.html]
[modinatheme.com/html/konstruc-html/assets/img/service/details-1.jpg]
[modinatheme.com/html/konstruc-html/assets/img/service/details-2.jpg]
[modinatheme.com/html/konstruc-html/assets/img/service/details-3.jpg]
[modinatheme.com/html/konstruc-html/assets/img/service/pp-1.jpg]
[modinatheme.com/html/konstruc-html/service-details.html]
[modinatheme.com/html/konstruc-html/service.html]
[modinatheme.com/html/konstruc-html/assets/img/news/post-4.jpg]
[modinatheme.com/html/konstruc-html/assets/img/news/post-5.jpg]
[modinatheme.com/html/konstruc-html/assets/img/news/author_img2.jpg]
[modinatheme.com/html/konstruc-html/assets/img/news/author_img3.jpg]
[modinatheme.com/html/konstruc-html/assets/img/news/author_img4.jpg]
[modinatheme.com/html/konstruc-html/assets/img/news/pp1.jpg]
[modinatheme.com/html/konstruc-html/assets/img/news/pp2.jpg]
[modinatheme.com/html/konstruc-html/assets/img/news/pp3.jpg]
[modinatheme.com/html/konstruc-html/news-details.html]
[modinatheme.com/html/konstruc-html/assets/img/testimonial/quate-4.png]
[modinatheme.com/html/konstruc-html/about.html]
[modinatheme.com/html/konstruc-html/assets/img/project/details-1.jpg]
[modinatheme.com/html/konstruc-html/assets/img/project/client-1.png]
[modinatheme.com/html/konstruc-html/assets/img/icon/quate.svg]
[modinatheme.com/html/konstruc-html/assets/img/project/details-2.jpg]
[modinatheme.com/html/konstruc-html/assets/img/project/details-3.jpg]
[modinatheme.com/html/konstruc-html/assets/img/project/details-4.jpg]
[modinatheme.com/html/konstruc-html/project-details.html]
[modinatheme.com/html/konstruc-html/assets/img/project/project-20.jpg]
[modinatheme.com/html/konstruc-html/assets/img/project/project-21.jpg]
[modinatheme.com/html/konstruc-html/assets/img/project/project-22.jpg]
[modinatheme.com/html/konstruc-html/assets/img/project/project-23.jpg]
[modinatheme.com/html/konstruc-html/assets/img/project/project-24.jpg]
[modinatheme.com/html/konstruc-html/assets/img/project/project-25.jpg]
[modinatheme.com/html/konstruc-html/project.html]
[modinatheme.com/html/konstruc-html/assets/img/team/details.jpg]
[modinatheme.com/html/konstruc-html/team-details.html]
[modinatheme.com/html/konstruc-html/assets/img/team/team-7.jpg]
[modinatheme.com/html/konstruc-html/assets/img/team/team-8.jpg]
[modinatheme.com/html/konstruc-html/assets/img/team/team-9.jpg]
[modinatheme.com/html/konstruc-html/team.html]
[modinatheme.com/html/konstruc-html/assets/img/product/details-1.png]
[modinatheme.com/html/konstruc-html/assets/img/product/details-2.png]
[modinatheme.com/html/konstruc-html/assets/img/product/details-3.png]
[modinatheme.com/html/konstruc-html/assets/img/product/details-4.png]
[modinatheme.com/html/konstruc-html/assets/img/product/sm-1.png]
[modinatheme.com/html/konstruc-html/assets/img/product/sm-2.png]
[modinatheme.com/html/konstruc-html/assets/img/product/sm-3.png]
[modinatheme.com/html/konstruc-html/assets/img/product/sm-4.png]
[modinatheme.com/html/konstruc-html/assets/img/shop/r-1.jpg]
[modinatheme.com/html/konstruc-html/assets/img/shop/r-2.jpg]
[modinatheme.com/html/konstruc-html/assets/img/shop/r-3.png]
[modinatheme.com/html/konstruc-html/shop-details.html]
[modinatheme.com/html/konstruc-html/assets/img/shop/shop-5.png]
[modinatheme.com/html/konstruc-html/assets/img/shop/shop-6.png]
[modinatheme.com/html/konstruc-html/assets/img/shop/shop-4.png]
[modinatheme.com/html/konstruc-html/shop.html]
[modinatheme.com/html/konstruc-html/assets/img/shop/cart-1.png]
[modinatheme.com/html/konstruc-html/assets/img/shop/cart-2.png]
[modinatheme.com/html/konstruc-html/shop-cart.html]
[modinatheme.com/html/konstruc-html/checkout.html]
[modinatheme.com/html/konstruc-html/pricing.html]
[modinatheme.com/html/konstruc-html/faq.html]
[modinatheme.com/html/konstruc-html/assets/img/404.png]
[modinatheme.com/html/konstruc-html/404.html]
[modinatheme.com/html/konstruc-html/assets/img/news/post-1.jpg]
[modinatheme.com/html/konstruc-html/assets/img/news/post-2.jpg]
[modinatheme.com/html/konstruc-html/assets/img/news/post-3.jpg]
[modinatheme.com/html/konstruc-html/news.html]
[modinatheme.com/html/konstruc-html/assets/img/logo/bar.svg]
[modinatheme.com/html/konstruc-html/project-details.html.html]
[modinatheme.com/html/konstruc-html/assets/img/icon/icon-1.svg]
[modinatheme.com/html/konstruc-html/assets/img/icon/icon-2.svg]
[modinatheme.com/html/konstruc-html/assets/img/icon/icon-3.svg]
[modinatheme.com/html/konstruc-html/assets/img/icon/user.svg]
[modinatheme.com/html/konstruc-html/assets/img/icon/messege.svg]
[modinatheme.com/html/konstruc-html/contact-details.html]
[modinatheme.com/html/konstruc-html/assets/img/logo/white-logo.svg]
[modinatheme.com/html/konstruc-html/assets/img/logo/black-logo-2.svg]
[modinatheme.com/html/konstruc-html/assets/img/logo/white-logo-2.svg]
[modinatheme.com/html/konstruc-html/assets/img/logo/white-logo-3.svg]
[modinatheme.com/html/konstruc-html/assets/img/icon/quate.svg]
